// Vitest Snapshot v1, https://vitest.dev/guide/snapshot.html

exports[`保留 seed 20260915 的完整有花 baseline 1`] = `
{
  "notes": [
    "花牌會移出手牌，並由牌牆尾端補進一張非花牌。",
    "東家起手 17 張，其餘三家各 16 張。",
  ],
  "players": [
    {
      "flowers": [],
      "label": "東家",
      "seat": "east",
      "tiles": [
        "B1",
        "B3",
        "B5",
        "B5",
        "B6",
        "C2",
        "C5",
        "C5",
        "C7",
        "C8",
        "D5",
        "D9",
        "D9",
        "WE",
        "WN",
        "WN",
        "DG",
      ],
    },
    {
      "flowers": [
        "F2",
      ],
      "label": "南家",
      "seat": "south",
      "tiles": [
        "B1",
        "B7",
        "C1",
        "C2",
        "C6",
        "C8",
        "C8",
        "D2",
        "D3",
        "D6",
        "D8",
        "D8",
        "D9",
        "WS",
        "WW",
        "DR",
      ],
    },
    {
      "flowers": [],
      "label": "西家",
      "seat": "west",
      "tiles": [
        "B2",
        "B5",
        "B9",
        "C2",
        "C7",
        "C9",
        "D3",
        "D5",
        "D6",
        "WE",
        "WW",
        "WW",
        "DR",
        "DR",
        "DG",
        "DW",
      ],
    },
    {
      "flowers": [
        "F4",
        "F6",
      ],
      "label": "北家",
      "seat": "north",
      "tiles": [
        "B2",
        "B4",
        "B7",
        "C1",
        "C3",
        "C4",
        "C6",
        "C6",
        "C7",
        "C7",
        "C9",
        "D2",
        "D6",
        "D6",
        "D7",
        "WN",
      ],
    },
  ],
  "ruleMode": "flowers",
  "seed": 20260915,
  "wallRemaining": 76,
}
`;
